[09/10/2025 02:48:25 PM:pyrogram.dispatcher:376:ERROR] 'NoneType' object is not subscriptable
Traceback (most recent call last):
  File "/home/runner/workspace/.pythonlibs/lib/python3.12/site-packages/pyrogram/dispatcher.py", line 363, in handler_worker
    await handler.callback(self.client, *args)
  File "/home/runner/workspace/.pythonlibs/lib/python3.12/site-packages/pyrogram/handlers/callback_query_handler.py", line 207, in resolve_future_or_callback
    await self.original_callback(client, query, *args)
  File "/home/runner/workspace/plugins/pm_filter.py", line 240, in advantage_spoll_choker
    movie = movies[(int(movie_))]
            ~~~~~~^^^^^^^^^^^^^^^
TypeError: 'NoneType' object is not subscriptable
[09/10/2025 02:49:20 PM:pyrogram.dispatcher:376:ERROR] Telegram says: [400 BUTTON_DATA_INVALID] (caused by "messages.EditMessage") Pyrogram 2.3.45 thinks: The button callback data is invalid or too large
Traceback (most recent call last):
  File "/home/runner/workspace/.pythonlibs/lib/python3.12/site-packages/pyrogram/dispatcher.py", line 363, in handler_worker
    await handler.callback(self.client, *args)
  File "/home/runner/workspace/.pythonlibs/lib/python3.12/site-packages/pyrogram/handlers/message_handler.py", line 154, in resolve_future_or_callback
    await self.original_callback(client, message, *args)
  File "/home/runner/workspace/plugins/pm_filter.py", line 58, in give_filter
    await auto_filter(client, message.text, message, reply_msg, ai_search)
  File "/home/runner/workspace/plugins/pm_filter.py", line 2747, in auto_filter
    fuk = await reply_msg.edit_text(text=cap, reply_markup=InlineKeyboardMarkup(btn), disable_web_page_preview=True)
          ^^^^^^^^^^^^^^^^^^^^^^^^^^^^^^^^^^^^^^^^^^^^^^^^^^^^^^^^^^^^^^^^^^^^^^^^^^^^^^^^^^^^^^^^^^^^^^^^^^^^^^^^^^
  File "/home/runner/workspace/.pythonlibs/lib/python3.12/site-packages/pyrogram/types/messages_and_media/message.py", line 4218, in edit_text
    return await self._client.edit_message_text(
           ^^^^^^^^^^^^^^^^^^^^^^^^^^^^^^^^^^^^^
  File "/home/runner/workspace/.pythonlibs/lib/python3.12/site-packages/pyrogram/methods/messages/edit_message_text.py", line 109, in edit_message_text
    r = await self.invoke(rpc)
        ^^^^^^^^^^^^^^^^^^^^^^
  File "/home/runner/workspace/.pythonlibs/lib/python3.12/site-packages/pyrogram/methods/advanced/invoke.py", line 80, in invoke
    r = await self.session.invoke(
        ^^^^^^^^^^^^^^^^^^^^^^^^^^
  File "/home/runner/workspace/.pythonlibs/lib/python3.12/site-packages/pyrogram/session/session.py", line 420, in invoke
    return await self.send(query, timeout=timeout)
           ^^^^^^^^^^^^^^^^^^^^^^^^^^^^^^^^^^^^^^^
  File "/home/runner/workspace/.pythonlibs/lib/python3.12/site-packages/pyrogram/session/session.py", line 377, in send
    RPCError.raise_it(result, type(data))
  File "/home/runner/workspace/.pythonlibs/lib/python3.12/site-packages/pyrogram/errors/rpc_error.py", line 93, in raise_it
    raise getattr(
pyrogram.errors.exceptions.bad_request_400.ButtonDataInvalid: Telegram says: [400 BUTTON_DATA_INVALID] (caused by "messages.EditMessage") Pyrogram 2.3.45 thinks: The button callback data is invalid or too large
[09/10/2025 02:50:42 PM:pyrogram.dispatcher:376:ERROR] Telegram says: [400 BUTTON_DATA_INVALID] (caused by "messages.EditMessage") Pyrogram 2.3.45 thinks: The button callback data is invalid or too large
Traceback (most recent call last):
  File "/home/runner/workspace/.pythonlibs/lib/python3.12/site-packages/pyrogram/dispatcher.py", line 363, in handler_worker
    await handler.callback(self.client, *args)
  File "/home/runner/workspace/.pythonlibs/lib/python3.12/site-packages/pyrogram/handlers/message_handler.py", line 154, in resolve_future_or_callback
    await self.original_callback(client, message, *args)
  File "/home/runner/workspace/plugins/pm_filter.py", line 58, in give_filter
    await auto_filter(client, message.text, message, reply_msg, ai_search)
  File "/home/runner/workspace/plugins/pm_filter.py", line 2747, in auto_filter
    fuk = await reply_msg.edit_text(text=cap, reply_markup=InlineKeyboardMarkup(btn), disable_web_page_preview=True)
          ^^^^^^^^^^^^^^^^^^^^^^^^^^^^^^^^^^^^^^^^^^^^^^^^^^^^^^^^^^^^^^^^^^^^^^^^^^^^^^^^^^^^^^^^^^^^^^^^^^^^^^^^^^
  File "/home/runner/workspace/.pythonlibs/lib/python3.12/site-packages/pyrogram/types/messages_and_media/message.py", line 4218, in edit_text
    return await self._client.edit_message_text(
           ^^^^^^^^^^^^^^^^^^^^^^^^^^^^^^^^^^^^^
  File "/home/runner/workspace/.pythonlibs/lib/python3.12/site-packages/pyrogram/methods/messages/edit_message_text.py", line 109, in edit_message_text
    r = await self.invoke(rpc)
        ^^^^^^^^^^^^^^^^^^^^^^
  File "/home/runner/workspace/.pythonlibs/lib/python3.12/site-packages/pyrogram/methods/advanced/invoke.py", line 80, in invoke
    r = await self.session.invoke(
        ^^^^^^^^^^^^^^^^^^^^^^^^^^
  File "/home/runner/workspace/.pythonlibs/lib/python3.12/site-packages/pyrogram/session/session.py", line 420, in invoke
    return await self.send(query, timeout=timeout)
           ^^^^^^^^^^^^^^^^^^^^^^^^^^^^^^^^^^^^^^^
  File "/home/runner/workspace/.pythonlibs/lib/python3.12/site-packages/pyrogram/session/session.py", line 377, in send
    RPCError.raise_it(result, type(data))
  File "/home/runner/workspace/.pythonlibs/lib/python3.12/site-packages/pyrogram/errors/rpc_error.py", line 93, in raise_it
    raise getattr(
pyrogram.errors.exceptions.bad_request_400.ButtonDataInvalid: Telegram says: [400 BUTTON_DATA_INVALID] (caused by "messages.EditMessage") Pyrogram 2.3.45 thinks: The button callback data is invalid or too large
